I'm sorry, but errors were detected in your script. Please correct the
errors listed below, and try again.


File "game/battle.rpy", line 636: if statement expects a non-empty block.
    if enemycurhp <= 0:
                       ^

Ren'Py Version: Ren'Py 8.3.4.24120703
Fri Dec 13 14:45:19 2024
